Info: Start Nativelink Simulation process

========= EDA Simulation Settings =====================

Sim Mode              :  Gate
Family                :  max10
Quartus root          :  /home/levijohanon/altera_lite/25.1std/quartus/linux64/
Quartus sim root      :  /home/levijohanon/altera_lite/25.1std/quartus/eda/sim_lib
Simulation Tool       :  questa altera fpga
Simulation Language   :  verilog
Simulation Mode       :  GUI
Sim Output File       :  Lab00.vo
Sim SDF file          :  Lab00__verilog.sdo
Sim dir               :  simulation/questa

=======================================================

Info: Starting NativeLink simulation with Questa Altera FPGA software
Sourced NativeLink script /home/levijohanon/altera_lite/25.1std/quartus/common/tcl/internal/nativelink/modelsim.tcl
Warning: File Lab00_run_msim_gate_verilog.do already exists - backing up current file as Lab00_run_msim_gate_verilog.do.bak1
Info: Spawning Questa Altera FPGA Simulation software 
Info: NativeLink simulation flow was successful
